leena@DESKTOP-RSSBD2A MINGW64 ~/Documents
$ git clone https://github.com/minitrouble/happy.git
Cloning into 'happy'...
remote: Enumerating objects: 7, done.
remote: Counting objects: 100% (7/7), done.
remote: Compressing objects: 100% (4/4), done.
remote: Total 7 (delta 0), reused 0 (delta 0), pack-reused 0
Unpacking objects: 100% (7/7), done.

leena@DESKTOP-RSSBD2A MINGW64 ~/Documents
$ cd happy

leena@DESKTOP-RSSBD2A MINGW64 ~/Documents/happy (main)
$ git status
On branch main
Your branch is up to date with 'origin/main'.

Changes not staged for commit:
  (use "git add <file>..." to update what will be committed)
  (use "git checkout -- <file>..." to discard changes in working directory)

        modified:   README.md

no changes added to commit (use "git add" and/or "git commit -a")

leena@DESKTOP-RSSBD2A MINGW64 ~/Documents/happy (main)
$ git init
Reinitialized existing Git repository in C:/Users/leena/Documents/happy/.git/

leena@DESKTOP-RSSBD2A MINGW64 ~/Documents/happy (main)
$ git add .

leena@DESKTOP-RSSBD2A MINGW64 ~/Documents/happy (main)
$ git commit -m "new"
[main d1f28b4] new
 1 file changed, 1 insertion(+)

leena@DESKTOP-RSSBD2A MINGW64 ~/Documents/happy (main)
$ git status
On branch main
Your branch is ahead of 'origin/main' by 1 commit.
  (use "git push" to publish your local commits)

nothing to commit, working tree clean

leena@DESKTOP-RSSBD2A MINGW64 ~/Documents/happy (main)
$ git push
Logon failed, use ctrl+c to cancel basic credential prompt.
Username for 'https://github.com': leenakarbotkar
Counting objects: 3, done.
Delta compression using up to 4 threads.
Compressing objects: 100% (2/2), done.
Writing objects: 100% (3/3), 319 bytes | 319.00 KiB/s, done.
Total 3 (delta 0), reused 0 (delta 0)
To https://github.com/minitrouble/happy.git
   93060e1..d1f28b4  main -> main

leena@DESKTOP-RSSBD2A MINGW64 ~/Documents/happy (main)
$ git add .

leena@DESKTOP-RSSBD2A MINGW64 ~/Documents/happy (main)
$ git commit -m "new"
On branch main
Your branch is up to date with 'origin/main'.

nothing to commit, working tree clean

leena@DESKTOP-RSSBD2A MINGW64 ~/Documents/happy (main)
$ git status
On branch main
Your branch is up to date with 'origin/main'.

Untracked files:
  (use "git add <file>..." to include in what will be committed)

        happ.txt

nothing added to commit but untracked files present (use "git add" to track)

leena@DESKTOP-RSSBD2A MINGW64 ~/Documents/happy (main)
$ git add .

leena@DESKTOP-RSSBD2A MINGW64 ~/Documents/happy (main)
$ git commit -m "new1"
[main cc6b9b9] new1
 1 file changed, 1 insertion(+)
 create mode 100644 happ.txt

leena@DESKTOP-RSSBD2A MINGW64 ~/Documents/happy (main)
$ git status
On branch main
Your branch is ahead of 'origin/main' by 1 commit.
  (use "git push" to publish your local commits)

nothing to commit, working tree clean

leena@DESKTOP-RSSBD2A MINGW64 ~/Documents/happy (main)
$ git push
Counting objects: 3, done.
Delta compression using up to 4 threads.
Compressing objects: 100% (2/2), done.
Writing objects: 100% (3/3), 283 bytes | 283.00 KiB/s, done.
Total 3 (delta 0), reused 0 (delta 0)
To https://github.com/minitrouble/happy.git
   d1f28b4..cc6b9b9  main -> main

leena@DESKTOP-RSSBD2A MINGW64 ~/Documents/happy (main)
$ git status
On branch main
Your branch is up to date with 'origin/main'.

Changes not staged for commit:
  (use "git add <file>..." to update what will be committed)
  (use "git checkout -- <file>..." to discard changes in working directory)

        modified:   happ.txt

no changes added to commit (use "git add" and/or "git commit -a")

leena@DESKTOP-RSSBD2A MINGW64 ~/Documents/happy (main)
$ git add .

leena@DESKTOP-RSSBD2A MINGW64 ~/Documents/happy (main)
$ git commit -m "new2"
[main 35d376a] new2
 1 file changed, 1 insertion(+), 1 deletion(-)

leena@DESKTOP-RSSBD2A MINGW64 ~/Documents/happy (main)
$ git status
On branch main
Your branch is ahead of 'origin/main' by 1 commit.
  (use "git push" to publish your local commits)

nothing to commit, working tree clean

leena@DESKTOP-RSSBD2A MINGW64 ~/Documents/happy (main)
$ git push -f origin test
error: src refspec test does not match any.
error: failed to push some refs to 'https://github.com/minitrouble/happy.git'

leena@DESKTOP-RSSBD2A MINGW64 ~/Documents/happy (main)
$ git push -f test
fatal: 'test' does not appear to be a git repository
fatal: Could not read from remote repository.

Please make sure you have the correct access rights
and the repository exists.

leena@DESKTOP-RSSBD2A MINGW64 ~/Documents/happy (main)
$ git status
On branch main
Your branch is ahead of 'origin/main' by 1 commit.
  (use "git push" to publish your local commits)

Untracked files:
  (use "git add <file>..." to include in what will be committed)

        ff.txt

nothing added to commit but untracked files present (use "git add" to track)

leena@DESKTOP-RSSBD2A MINGW64 ~/Documents/happy (main)
$ git add .

leena@DESKTOP-RSSBD2A MINGW64 ~/Documents/happy (main)
$ git commit -m "new3"
[main 5cc169f] new3
 1 file changed, 1 insertion(+)
 create mode 100644 ff.txt

leena@DESKTOP-RSSBD2A MINGW64 ~/Documents/happy (main)
$ git push test
fatal: 'test' does not appear to be a git repository
fatal: Could not read from remote repository.

Please make sure you have the correct access rights
and the repository exists.

leena@DESKTOP-RSSBD2A MINGW64 ~/Documents/happy (main)
$ git push happy test
error: src refspec test does not match any.
error: failed to push some refs to 'happy'

leena@DESKTOP-RSSBD2A MINGW64 ~/Documents/happy (main)
$  git push -u origin local_branch_name:test
error: src refspec local_branch_name does not match any.
error: failed to push some refs to 'https://github.com/minitrouble/happy.git'

leena@DESKTOP-RSSBD2A MINGW64 ~/Documents/happy (main)
$  git push -u origin test
error: src refspec test does not match any.
error: failed to push some refs to 'https://github.com/minitrouble/happy.git'

leena@DESKTOP-RSSBD2A MINGW64 ~/Documents/happy (main)
$ git pull
Already up to date.

leena@DESKTOP-RSSBD2A MINGW64 ~/Documents/happy (main)
$ git config --global user.email "leenacarbotkar25@gmail.com"

leena@DESKTOP-RSSBD2A MINGW64 ~/Documents/happy (main)
$ git config --global user.name "leenakarbotkar"

leena@DESKTOP-RSSBD2A MINGW64 ~/Documents/happy (main)
$ git status
On branch main
Your branch is ahead of 'origin/main' by 2 commits.
  (use "git push" to publish your local commits)

nothing to commit, working tree clean

leena@DESKTOP-RSSBD2A MINGW64 ~/Documents/happy (main)
$ attendees_and_learners.rst
bash: attendees_and_learners.rst: command not found

leena@DESKTOP-RSSBD2A MINGW64 ~/Documents/happy (main)
$ git checkout
Your branch is ahead of 'origin/main' by 2 commits.
  (use "git push" to publish your local commits)

leena@DESKTOP-RSSBD2A MINGW64 ~/Documents/happy (main)
$ $ git checkout -b amend-my-name
bash: $: command not found

leena@DESKTOP-RSSBD2A MINGW64 ~/Documents/happy (main)
$ $ git checkout -b hii
bash: $: command not found

leena@DESKTOP-RSSBD2A MINGW64 ~/Documents/happy (main)
$  git checkout -b hii
Switched to a new branch 'hii'

leena@DESKTOP-RSSBD2A MINGW64 ~/Documents/happy (hii)
$  git branch
* hii
  main

leena@DESKTOP-RSSBD2A MINGW64 ~/Documents/happy (hii)
$  git checkout test
Switched to a new branch 'test'
Branch 'test' set up to track remote branch 'test' from 'origin'.

leena@DESKTOP-RSSBD2A MINGW64 ~/Documents/happy (test)
$ git status
On branch test
Your branch is up to date with 'origin/test'.

nothing to commit, working tree clean

leena@DESKTOP-RSSBD2A MINGW64 ~/Documents/happy (test)
$ git status
On branch test
Your branch is up to date with 'origin/test'.

Changes not staged for commit:
  (use "git add <file>..." to update what will be committed)
  (use "git checkout -- <file>..." to discard changes in working directory)

        modified:   README.md

Untracked files:
  (use "git add <file>..." to include in what will be committed)

        best.txt

no changes added to commit (use "git add" and/or "git commit -a")

leena@DESKTOP-RSSBD2A MINGW64 ~/Documents/happy (test)
$ git add .

leena@DESKTOP-RSSBD2A MINGW64 ~/Documents/happy (test)
$ git commit -m "neww"
[test 60c89ba] neww
 2 files changed, 2 insertions(+)
 create mode 100644 best.txt

leena@DESKTOP-RSSBD2A MINGW64 ~/Documents/happy (test)
$ git push
Counting objects: 4, done.
Delta compression using up to 4 threads.
Compressing objects: 100% (3/3), done.
Writing objects: 100% (4/4), 334 bytes | 167.00 KiB/s, done.
Total 4 (delta 1), reused 0 (delta 0)
remote: Resolving deltas: 100% (1/1), completed with 1 local object.
To https://github.com/minitrouble/happy.git
   93060e1..60c89ba  test -> test

leena@DESKTOP-RSSBD2A MINGW64 ~/Documents/happy (test)
$

